Archive member included to satisfy reference by file (symbol)

c:/program files/microchip/xc8/v2.36/avr/bin/../lib/gcc/avr/5.4.0/avr5/memx-const\libgcc.a(_copy_data.o)
                              02_HAL/CLCD/CLCD_programe.o (__do_copy_data)
c:/program files/microchip/xc8/v2.36/avr/bin/../lib/gcc/avr/5.4.0/avr5/memx-const\libgcc.a(_umulhisi3.o)
                              02_HAL/LM35/LM35_programe.o (__umulhisi3)
c:/program files/microchip/xc8/v2.36/avr/bin/../lib/gcc/avr/5.4.0/avr5/memx-const\libgcc.a(_udivdi3.o)
                              02_HAL/CLCD/CLCD_programe.o (__umoddi3)
c:/program files/microchip/xc8/v2.36/avr/bin/../lib/gcc/avr/5.4.0/avr5/memx-const\libgcc.a(_udivmod64.o)
                              c:/program files/microchip/xc8/v2.36/avr/bin/../lib/gcc/avr/5.4.0/avr5/memx-const\libgcc.a(_udivdi3.o) (__udivmod64)
c:/program files/microchip/xc8/v2.36/avr/bin/../lib/gcc/avr/5.4.0/avr5/memx-const\libgcc.a(_ashldi3.o)
                              02_HAL/CLCD/CLCD_programe.o (__ashldi3)
c:/program files/microchip/xc8/v2.36/avr/bin/../lib/gcc/avr/5.4.0/avr5/memx-const\libgcc.a(_adddi3.o)
                              02_HAL/CLCD/CLCD_programe.o (__adddi3)
c:/program files/microchip/xc8/v2.36/avr/bin/../lib/gcc/avr/5.4.0/avr5/memx-const\libgcc.a(_cmpdi2_s8.o)
                              02_HAL/CLCD/CLCD_programe.o (__cmpdi2_s8)
c:/program files/microchip/xc8/v2.36/avr/bin/../lib/gcc/avr/5.4.0/../../../../avr/lib/avr5/memx-const\libc.a(exit.o)
                              D:/7.0/Packs/atmel/ATmega_DFP/1.7.374/xc8/avr/lib/avr5/memx-const/crtatmega32.o (exit)
c:/program files/microchip/xc8/v2.36/avr/bin/../lib/gcc/avr/5.4.0/../../../../avr/lib/avr5/memx-const\libc.a(_Exit.o)
                              c:/program files/microchip/xc8/v2.36/avr/bin/../lib/gcc/avr/5.4.0/../../../../avr/lib/avr5/memx-const\libc.a(exit.o) (_Exit)
c:/program files/microchip/xc8/v2.36/avr/bin/../lib/gcc/avr/5.4.0/avr5/memx-const\libgcc.a(_exit.o)
                              c:/program files/microchip/xc8/v2.36/avr/bin/../lib/gcc/avr/5.4.0/../../../../avr/lib/avr5/memx-const\libc.a(_Exit.o) (_exit)

Discarded input sections

 .data          0x0000000000000000        0x0 D:/7.0/Packs/atmel/ATmega_DFP/1.7.374/xc8/avr/lib/avr5/memx-const/crtatmega32.o
 .bss           0x0000000000000000        0x0 D:/7.0/Packs/atmel/ATmega_DFP/1.7.374/xc8/avr/lib/avr5/memx-const/crtatmega32.o
 .text          0x0000000000000000        0x0 01_MCAL/ADC/ADC_programe.o
 .data          0x0000000000000000        0x0 01_MCAL/ADC/ADC_programe.o
 .bss           0x0000000000000000        0x0 01_MCAL/ADC/ADC_programe.o
 .text.ADC_voidDisable
                0x0000000000000000        0x8 01_MCAL/ADC/ADC_programe.o
 .text.ADC_voidInterruptEnable
                0x0000000000000000        0x8 01_MCAL/ADC/ADC_programe.o
 .text.ADC_voidInterruptDisable
                0x0000000000000000        0x8 01_MCAL/ADC/ADC_programe.o
 .text.ADC_u8SetPrescaler
                0x0000000000000000       0x12 01_MCAL/ADC/ADC_programe.o
 .text.ADC_u8StartConversionAsynch
                0x0000000000000000       0x48 01_MCAL/ADC/ADC_programe.o
 .text.ADC_u8StartChainAsynch
                0x0000000000000000       0x82 01_MCAL/ADC/ADC_programe.o
 .text          0x0000000000000000        0x0 01_MCAL/DIO/DIO_programe.o
 .data          0x0000000000000000        0x0 01_MCAL/DIO/DIO_programe.o
 .bss           0x0000000000000000        0x0 01_MCAL/DIO/DIO_programe.o
 .text.DIO_voidTogglePinValue
                0x0000000000000000       0x68 01_MCAL/DIO/DIO_programe.o
 .text.DIO_u8GetPortValue
                0x0000000000000000       0x30 01_MCAL/DIO/DIO_programe.o
 .text.DIO_voidTogglePortValue
                0x0000000000000000       0x30 01_MCAL/DIO/DIO_programe.o
 .text          0x0000000000000000        0x0 01_MCAL/PWM/pmw.o
 .data          0x0000000000000000        0x0 01_MCAL/PWM/pmw.o
 .bss           0x0000000000000000        0x0 01_MCAL/PWM/pmw.o
 .text          0x0000000000000000        0x0 02_HAL/CLCD/CLCD_programe.o
 .data          0x0000000000000000        0x0 02_HAL/CLCD/CLCD_programe.o
 .bss           0x0000000000000000        0x0 02_HAL/CLCD/CLCD_programe.o
 .text.CLCD_voidSendExtraChar
                0x0000000000000000       0x48 02_HAL/CLCD/CLCD_programe.o
 .data.CLCD_u8ExtraChar
                0x0000000000000000       0x40 02_HAL/CLCD/CLCD_programe.o
 .text          0x0000000000000000        0x0 02_HAL/KYPD/KYPD_programe.o
 .data          0x0000000000000000        0x0 02_HAL/KYPD/KYPD_programe.o
 .bss           0x0000000000000000        0x0 02_HAL/KYPD/KYPD_programe.o
 .text          0x0000000000000000        0x0 02_HAL/LED/LED_programe.o
 .data          0x0000000000000000        0x0 02_HAL/LED/LED_programe.o
 .bss           0x0000000000000000        0x0 02_HAL/LED/LED_programe.o
 .text.LED_voidToggle
                0x0000000000000000        0xa 02_HAL/LED/LED_programe.o
 .text          0x0000000000000000        0x0 02_HAL/LM35/LM35_programe.o
 .data          0x0000000000000000        0x0 02_HAL/LM35/LM35_programe.o
 .bss           0x0000000000000000        0x0 02_HAL/LM35/LM35_programe.o
 .text          0x0000000000000000        0x0 App/App.o
 .data          0x0000000000000000        0x0 App/App.o
 .bss           0x0000000000000000        0x0 App/App.o
 .text          0x0000000000000000        0x0 main.o
 .data          0x0000000000000000        0x0 main.o
 .bss           0x0000000000000000        0x0 main.o
 .text          0x0000000000000000        0x0 c:/program files/microchip/xc8/v2.36/avr/bin/../lib/gcc/avr/5.4.0/avr5/memx-const\libgcc.a(_copy_data.o)
 .data          0x0000000000000000        0x0 c:/program files/microchip/xc8/v2.36/avr/bin/../lib/gcc/avr/5.4.0/avr5/memx-const\libgcc.a(_copy_data.o)
 .bss           0x0000000000000000        0x0 c:/program files/microchip/xc8/v2.36/avr/bin/../lib/gcc/avr/5.4.0/avr5/memx-const\libgcc.a(_copy_data.o)
 .text.libgcc.mul
                0x0000000000000000        0x0 c:/program files/microchip/xc8/v2.36/avr/bin/../lib/gcc/avr/5.4.0/avr5/memx-const\libgcc.a(_copy_data.o)
 .text.libgcc.div
                0x0000000000000000        0x0 c:/program files/microchip/xc8/v2.36/avr/bin/../lib/gcc/avr/5.4.0/avr5/memx-const\libgcc.a(_copy_data.o)
 .text.libgcc   0x0000000000000000        0x0 c:/program files/microchip/xc8/v2.36/avr/bin/../lib/gcc/avr/5.4.0/avr5/memx-const\libgcc.a(_copy_data.o)
 .text.libgcc.prologue
                0x0000000000000000        0x0 c:/program files/microchip/xc8/v2.36/avr/bin/../lib/gcc/avr/5.4.0/avr5/memx-const\libgcc.a(_copy_data.o)
 .text.libgcc.builtins
                0x0000000000000000        0x0 c:/program files/microchip/xc8/v2.36/avr/bin/../lib/gcc/avr/5.4.0/avr5/memx-const\libgcc.a(_copy_data.o)
 .text.libgcc.fmul
                0x0000000000000000        0x0 c:/program files/microchip/xc8/v2.36/avr/bin/../lib/gcc/avr/5.4.0/avr5/memx-const\libgcc.a(_copy_data.o)
 .text.libgcc.fixed
                0x0000000000000000        0x0 c:/program files/microchip/xc8/v2.36/avr/bin/../lib/gcc/avr/5.4.0/avr5/memx-const\libgcc.a(_copy_data.o)
 .text          0x0000000000000000        0x0 c:/program files/microchip/xc8/v2.36/avr/bin/../lib/gcc/avr/5.4.0/avr5/memx-const\libgcc.a(_umulhisi3.o)
 .data          0x0000000000000000        0x0 c:/program files/microchip/xc8/v2.36/avr/bin/../lib/gcc/avr/5.4.0/avr5/memx-const\libgcc.a(_umulhisi3.o)
 .bss           0x0000000000000000        0x0 c:/program files/microchip/xc8/v2.36/avr/bin/../lib/gcc/avr/5.4.0/avr5/memx-const\libgcc.a(_umulhisi3.o)
 .stack.descriptors
                0x0000000000000000       0x19 c:/program files/microchip/xc8/v2.36/avr/bin/../lib/gcc/avr/5.4.0/avr5/memx-const\libgcc.a(_umulhisi3.o)
 .text.libgcc.div
                0x0000000000000000        0x0 c:/program files/microchip/xc8/v2.36/avr/bin/../lib/gcc/avr/5.4.0/avr5/memx-const\libgcc.a(_umulhisi3.o)
 .text.libgcc   0x0000000000000000        0x0 c:/program files/microchip/xc8/v2.36/avr/bin/../lib/gcc/avr/5.4.0/avr5/memx-const\libgcc.a(_umulhisi3.o)
 .text.libgcc.prologue
                0x0000000000000000        0x0 c:/program files/microchip/xc8/v2.36/avr/bin/../lib/gcc/avr/5.4.0/avr5/memx-const\libgcc.a(_umulhisi3.o)
 .text.libgcc.builtins
                0x0000000000000000        0x0 c:/program files/microchip/xc8/v2.36/avr/bin/../lib/gcc/avr/5.4.0/avr5/memx-const\libgcc.a(_umulhisi3.o)
 .text.libgcc.fmul
                0x0000000000000000        0x0 c:/program files/microchip/xc8/v2.36/avr/bin/../lib/gcc/avr/5.4.0/avr5/memx-const\libgcc.a(_umulhisi3.o)
 .text.libgcc.fixed
                0x0000000000000000        0x0 c:/program files/microchip/xc8/v2.36/avr/bin/../lib/gcc/avr/5.4.0/avr5/memx-const\libgcc.a(_umulhisi3.o)
 .text          0x0000000000000000        0x0 c:/program files/microchip/xc8/v2.36/avr/bin/../lib/gcc/avr/5.4.0/avr5/memx-const\libgcc.a(_udivdi3.o)
 .data          0x0000000000000000        0x0 c:/program files/microchip/xc8/v2.36/avr/bin/../lib/gcc/avr/5.4.0/avr5/memx-const\libgcc.a(_udivdi3.o)
 .bss           0x0000000000000000        0x0 c:/program files/microchip/xc8/v2.36/avr/bin/../lib/gcc/avr/5.4.0/avr5/memx-const\libgcc.a(_udivdi3.o)
 .text.libgcc.mul
                0x0000000000000000        0x0 c:/program files/microchip/xc8/v2.36/avr/bin/../lib/gcc/avr/5.4.0/avr5/memx-const\libgcc.a(_udivdi3.o)
 .stack.descriptors
                0x0000000000000000       0x4d c:/program files/microchip/xc8/v2.36/avr/bin/../lib/gcc/avr/5.4.0/avr5/memx-const\libgcc.a(_udivdi3.o)
 .text.libgcc   0x0000000000000000        0x0 c:/program files/microchip/xc8/v2.36/avr/bin/../lib/gcc/avr/5.4.0/avr5/memx-const\libgcc.a(_udivdi3.o)
 .text.libgcc.prologue
                0x0000000000000000        0x0 c:/program files/microchip/xc8/v2.36/avr/bin/../lib/gcc/avr/5.4.0/avr5/memx-const\libgcc.a(_udivdi3.o)
 .text.libgcc.builtins
                0x0000000000000000        0x0 c:/program files/microchip/xc8/v2.36/avr/bin/../lib/gcc/avr/5.4.0/avr5/memx-const\libgcc.a(_udivdi3.o)
 .text.libgcc.fmul
                0x0000000000000000        0x0 c:/program files/microchip/xc8/v2.36/avr/bin/../lib/gcc/avr/5.4.0/avr5/memx-const\libgcc.a(_udivdi3.o)
 .text.libgcc.fixed
                0x0000000000000000        0x0 c:/program files/microchip/xc8/v2.36/avr/bin/../lib/gcc/avr/5.4.0/avr5/memx-const\libgcc.a(_udivdi3.o)
 .text          0x0000000000000000        0x0 c:/program files/microchip/xc8/v2.36/avr/bin/../lib/gcc/avr/5.4.0/avr5/memx-const\libgcc.a(_udivmod64.o)
 .data          0x0000000000000000        0x0 c:/program files/microchip/xc8/v2.36/avr/bin/../lib/gcc/avr/5.4.0/avr5/memx-const\libgcc.a(_udivmod64.o)
 .bss           0x0000000000000000        0x0 c:/program files/microchip/xc8/v2.36/avr/bin/../lib/gcc/avr/5.4.0/avr5/memx-const\libgcc.a(_udivmod64.o)
 .text.libgcc.mul
                0x0000000000000000        0x0 c:/program files/microchip/xc8/v2.36/avr/bin/../lib/gcc/avr/5.4.0/avr5/memx-const\libgcc.a(_udivmod64.o)
 .stack.descriptors
                0x0000000000000000       0x19 c:/program files/microchip/xc8/v2.36/avr/bin/../lib/gcc/avr/5.4.0/avr5/memx-const\libgcc.a(_udivmod64.o)
 .text.libgcc   0x0000000000000000        0x0 c:/program files/microchip/xc8/v2.36/avr/bin/../lib/gcc/avr/5.4.0/avr5/memx-const\libgcc.a(_udivmod64.o)
 .text.libgcc.prologue
                0x0000000000000000        0x0 c:/program files/microchip/xc8/v2.36/avr/bin/../lib/gcc/avr/5.4.0/avr5/memx-const\libgcc.a(_udivmod64.o)
 .text.libgcc.builtins
                0x0000000000000000        0x0 c:/program files/microchip/xc8/v2.36/avr/bin/../lib/gcc/avr/5.4.0/avr5/memx-const\libgcc.a(_udivmod64.o)
 .text.libgcc.fmul
                0x0000000000000000        0x0 c:/program files/microchip/xc8/v2.36/avr/bin/../lib/gcc/avr/5.4.0/avr5/memx-const\libgcc.a(_udivmod64.o)
 .text.libgcc.fixed
                0x0000000000000000        0x0 c:/program files/microchip/xc8/v2.36/avr/bin/../lib/gcc/avr/5.4.0/avr5/memx-const\libgcc.a(_udivmod64.o)
 .text          0x0000000000000000        0x0 c:/program files/microchip/xc8/v2.36/avr/bin/../lib/gcc/avr/5.4.0/avr5/memx-const\libgcc.a(_ashldi3.o)
 .data          0x0000000000000000        0x0 c:/program files/microchip/xc8/v2.36/avr/bin/../lib/gcc/avr/5.4.0/avr5/memx-const\libgcc.a(_ashldi3.o)
 .bss           0x0000000000000000        0x0 c:/program files/microchip/xc8/v2.36/avr/bin/../lib/gcc/avr/5.4.0/avr5/memx-const\libgcc.a(_ashldi3.o)
 .text.libgcc.mul
                0x0000000000000000        0x0 c:/program files/microchip/xc8/v2.36/avr/bin/../lib/gcc/avr/5.4.0/avr5/memx-const\libgcc.a(_ashldi3.o)
 .text.libgcc.div
                0x0000000000000000        0x0 c:/program files/microchip/xc8/v2.36/avr/bin/../lib/gcc/avr/5.4.0/avr5/memx-const\libgcc.a(_ashldi3.o)
 .text.libgcc   0x0000000000000000        0x0 c:/program files/microchip/xc8/v2.36/avr/bin/../lib/gcc/avr/5.4.0/avr5/memx-const\libgcc.a(_ashldi3.o)
 .text.libgcc.prologue
                0x0000000000000000        0x0 c:/program files/microchip/xc8/v2.36/avr/bin/../lib/gcc/avr/5.4.0/avr5/memx-const\libgcc.a(_ashldi3.o)
 .stack.descriptors
                0x0000000000000000       0x17 c:/program files/microchip/xc8/v2.36/avr/bin/../lib/gcc/avr/5.4.0/avr5/memx-const\libgcc.a(_ashldi3.o)
 .text.libgcc.fmul
                0x0000000000000000        0x0 c:/program files/microchip/xc8/v2.36/avr/bin/../lib/gcc/avr/5.4.0/avr5/memx-const\libgcc.a(_ashldi3.o)
 .text.libgcc.fixed
                0x0000000000000000        0x0 c:/program files/microchip/xc8/v2.36/avr/bin/../lib/gcc/avr/5.4.0/avr5/memx-const\libgcc.a(_ashldi3.o)
 .text          0x0000000000000000        0x0 c:/program files/microchip/xc8/v2.36/avr/bin/../lib/gcc/avr/5.4.0/avr5/memx-const\libgcc.a(_adddi3.o)
 .data          0x0000000000000000        0x0 c:/program files/microchip/xc8/v2.36/avr/bin/../lib/gcc/avr/5.4.0/avr5/memx-const\libgcc.a(_adddi3.o)
 .bss           0x0000000000000000        0x0 c:/program files/microchip/xc8/v2.36/avr/bin/../lib/gcc/avr/5.4.0/avr5/memx-const\libgcc.a(_adddi3.o)
 .text.libgcc.mul
                0x0000000000000000        0x0 c:/program files/microchip/xc8/v2.36/avr/bin/../lib/gcc/avr/5.4.0/avr5/memx-const\libgcc.a(_adddi3.o)
 .text.libgcc.div
                0x0000000000000000        0x0 c:/program files/microchip/xc8/v2.36/avr/bin/../lib/gcc/avr/5.4.0/avr5/memx-const\libgcc.a(_adddi3.o)
 .stack.descriptors
                0x0000000000000000       0x16 c:/program files/microchip/xc8/v2.36/avr/bin/../lib/gcc/avr/5.4.0/avr5/memx-const\libgcc.a(_adddi3.o)
 .text.libgcc.prologue
                0x0000000000000000        0x0 c:/program files/microchip/xc8/v2.36/avr/bin/../lib/gcc/avr/5.4.0/avr5/memx-const\libgcc.a(_adddi3.o)
 .text.libgcc.builtins
                0x0000000000000000        0x0 c:/program files/microchip/xc8/v2.36/avr/bin/../lib/gcc/avr/5.4.0/avr5/memx-const\libgcc.a(_adddi3.o)
 .text.libgcc.fmul
                0x0000000000000000        0x0 c:/program files/microchip/xc8/v2.36/avr/bin/../lib/gcc/avr/5.4.0/avr5/memx-const\libgcc.a(_adddi3.o)
 .text.libgcc.fixed
                0x0000000000000000        0x0 c:/program files/microchip/xc8/v2.36/avr/bin/../lib/gcc/avr/5.4.0/avr5/memx-const\libgcc.a(_adddi3.o)
 .text          0x0000000000000000        0x0 c:/program files/microchip/xc8/v2.36/avr/bin/../lib/gcc/avr/5.4.0/avr5/memx-const\libgcc.a(_cmpdi2_s8.o)
 .data          0x0000000000000000        0x0 c:/program files/microchip/xc8/v2.36/avr/bin/../lib/gcc/avr/5.4.0/avr5/memx-const\libgcc.a(_cmpdi2_s8.o)
 .bss           0x0000000000000000        0x0 c:/program files/microchip/xc8/v2.36/avr/bin/../lib/gcc/avr/5.4.0/avr5/memx-const\libgcc.a(_cmpdi2_s8.o)
 .text.libgcc.mul
                0x0000000000000000        0x0 c:/program files/microchip/xc8/v2.36/avr/bin/../lib/gcc/avr/5.4.0/avr5/memx-const\libgcc.a(_cmpdi2_s8.o)
 .text.libgcc.div
                0x0000000000000000        0x0 c:/program files/microchip/xc8/v2.36/avr/bin/../lib/gcc/avr/5.4.0/avr5/memx-const\libgcc.a(_cmpdi2_s8.o)
 .stack.descriptors
                0x0000000000000000       0x19 c:/program files/microchip/xc8/v2.36/avr/bin/../lib/gcc/avr/5.4.0/avr5/memx-const\libgcc.a(_cmpdi2_s8.o)
 .text.libgcc.prologue
                0x0000000000000000        0x0 c:/program files/microchip/xc8/v2.36/avr/bin/../lib/gcc/avr/5.4.0/avr5/memx-const\libgcc.a(_cmpdi2_s8.o)
 .text.libgcc.builtins
                0x0000000000000000        0x0 c:/program files/microchip/xc8/v2.36/avr/bin/../lib/gcc/avr/5.4.0/avr5/memx-const\libgcc.a(_cmpdi2_s8.o)
 .text.libgcc.fmul
                0x0000000000000000        0x0 c:/program files/microchip/xc8/v2.36/avr/bin/../lib/gcc/avr/5.4.0/avr5/memx-const\libgcc.a(_cmpdi2_s8.o)
 .text.libgcc.fixed
                0x0000000000000000        0x0 c:/program files/microchip/xc8/v2.36/avr/bin/../lib/gcc/avr/5.4.0/avr5/memx-const\libgcc.a(_cmpdi2_s8.o)
 .text          0x0000000000000000        0x0 c:/program files/microchip/xc8/v2.36/avr/bin/../lib/gcc/avr/5.4.0/../../../../avr/lib/avr5/memx-const\libc.a(exit.o)
 .data          0x0000000000000000        0x0 c:/program files/microchip/xc8/v2.36/avr/bin/../lib/gcc/avr/5.4.0/../../../../avr/lib/avr5/memx-const\libc.a(exit.o)
 .bss           0x0000000000000000        0x0 c:/program files/microchip/xc8/v2.36/avr/bin/../lib/gcc/avr/5.4.0/../../../../avr/lib/avr5/memx-const\libc.a(exit.o)
 .text          0x0000000000000000        0x0 c:/program files/microchip/xc8/v2.36/avr/bin/../lib/gcc/avr/5.4.0/../../../../avr/lib/avr5/memx-const\libc.a(_Exit.o)
 .data          0x0000000000000000        0x0 c:/program files/microchip/xc8/v2.36/avr/bin/../lib/gcc/avr/5.4.0/../../../../avr/lib/avr5/memx-const\libc.a(_Exit.o)
 .bss           0x0000000000000000        0x0 c:/program files/microchip/xc8/v2.36/avr/bin/../lib/gcc/avr/5.4.0/../../../../avr/lib/avr5/memx-const\libc.a(_Exit.o)
 .text          0x0000000000000000        0x0 c:/program files/microchip/xc8/v2.36/avr/bin/../lib/gcc/avr/5.4.0/avr5/memx-const\libgcc.a(_exit.o)
 .data          0x0000000000000000        0x0 c:/program files/microchip/xc8/v2.36/avr/bin/../lib/gcc/avr/5.4.0/avr5/memx-const\libgcc.a(_exit.o)
 .bss           0x0000000000000000        0x0 c:/program files/microchip/xc8/v2.36/avr/bin/../lib/gcc/avr/5.4.0/avr5/memx-const\libgcc.a(_exit.o)
 .text.libgcc.mul
                0x0000000000000000        0x0 c:/program files/microchip/xc8/v2.36/avr/bin/../lib/gcc/avr/5.4.0/avr5/memx-const\libgcc.a(_exit.o)
 .text.libgcc.div
                0x0000000000000000        0x0 c:/program files/microchip/xc8/v2.36/avr/bin/../lib/gcc/avr/5.4.0/avr5/memx-const\libgcc.a(_exit.o)
 .text.libgcc   0x0000000000000000        0x0 c:/program files/microchip/xc8/v2.36/avr/bin/../lib/gcc/avr/5.4.0/avr5/memx-const\libgcc.a(_exit.o)
 .text.libgcc.prologue
                0x0000000000000000        0x0 c:/program files/microchip/xc8/v2.36/avr/bin/../lib/gcc/avr/5.4.0/avr5/memx-const\libgcc.a(_exit.o)
 .stack.descriptors
                0x0000000000000000       0x13 c:/program files/microchip/xc8/v2.36/avr/bin/../lib/gcc/avr/5.4.0/avr5/memx-const\libgcc.a(_exit.o)
 .text.libgcc.builtins
                0x0000000000000000        0x0 c:/program files/microchip/xc8/v2.36/avr/bin/../lib/gcc/avr/5.4.0/avr5/memx-const\libgcc.a(_exit.o)
 .text.libgcc.fmul
                0x0000000000000000        0x0 c:/program files/microchip/xc8/v2.36/avr/bin/../lib/gcc/avr/5.4.0/avr5/memx-const\libgcc.a(_exit.o)
 .text.libgcc.fixed
                0x0000000000000000        0x0 c:/program files/microchip/xc8/v2.36/avr/bin/../lib/gcc/avr/5.4.0/avr5/memx-const\libgcc.a(_exit.o)

Memory Configuration

Name             Origin             Length             Attributes
text             0x0000000000000000 0x0000000000008000 xr
data             0x0000000000800060 0x0000000000000800 rw !x
eeprom           0x0000000000810000 0x0000000000000400 rw !x
fuse             0x0000000000820000 0x0000000000000002 rw !x
lock             0x0000000000830000 0x0000000000000400 rw !x
signature        0x0000000000840000 0x0000000000000400 rw !x
user_signatures  0x0000000000850000 0x0000000000000400 rw !x
*default*        0x0000000000000000 0xffffffffffffffff

Linker script and memory map

LOAD D:/7.0/Packs/atmel/ATmega_DFP/1.7.374/xc8/avr/lib/avr5/memx-const/crtatmega32.o
LOAD 01_MCAL/ADC/ADC_programe.o
LOAD 01_MCAL/DIO/DIO_programe.o
LOAD 01_MCAL/PWM/pmw.o
LOAD 02_HAL/CLCD/CLCD_programe.o
LOAD 02_HAL/KYPD/KYPD_programe.o
LOAD 02_HAL/LED/LED_programe.o
LOAD 02_HAL/LM35/LM35_programe.o
LOAD App/App.o
LOAD main.o
START GROUP
LOAD c:/program files/microchip/xc8/v2.36/avr/bin/../lib/gcc/avr/5.4.0/../../../../avr/lib/avr5/memx-const\libm.a
END GROUP
START GROUP
LOAD c:/program files/microchip/xc8/v2.36/avr/bin/../lib/gcc/avr/5.4.0/avr5/memx-const\libgcc.a
LOAD c:/program files/microchip/xc8/v2.36/avr/bin/../lib/gcc/avr/5.4.0/../../../../avr/lib/avr5/memx-const\libm.a
LOAD c:/program files/microchip/xc8/v2.36/avr/bin/../lib/gcc/avr/5.4.0/../../../../avr/lib/avr5/memx-const\libc.a
LOAD D:/7.0/Packs/atmel/ATmega_DFP/1.7.374/xc8/avr/lib/avr5/memx-const\libatmega32.a
END GROUP
                0x0000000000000000                __TEXT_REGION_ORIGIN__ = DEFINED (__TEXT_REGION_ORIGIN__)?__TEXT_REGION_ORIGIN__:0x0
                [0x0000000000800060]                __DATA_REGION_ORIGIN__ = DEFINED (__DATA_REGION_ORIGIN__)?__DATA_REGION_ORIGIN__:0x800060
                [0x0000000000008000]                __TEXT_REGION_LENGTH__ = DEFINED (__TEXT_REGION_LENGTH__)?__TEXT_REGION_LENGTH__:0x20000
                [0x0000000000000800]                __DATA_REGION_LENGTH__ = DEFINED (__DATA_REGION_LENGTH__)?__DATA_REGION_LENGTH__:0xffa0
                [0x0000000000000400]                __EEPROM_REGION_LENGTH__ = DEFINED (__EEPROM_REGION_LENGTH__)?__EEPROM_REGION_LENGTH__:0x10000
                [0x0000000000000002]                __FUSE_REGION_LENGTH__ = DEFINED (__FUSE_REGION_LENGTH__)?__FUSE_REGION_LENGTH__:0x400
                0x0000000000000400                __LOCK_REGION_LENGTH__ = DEFINED (__LOCK_REGION_LENGTH__)?__LOCK_REGION_LENGTH__:0x400
                0x0000000000000400                __SIGNATURE_REGION_LENGTH__ = DEFINED (__SIGNATURE_REGION_LENGTH__)?__SIGNATURE_REGION_LENGTH__:0x400
                0x0000000000000400                __USER_SIGNATURE_REGION_LENGTH__ = DEFINED (__USER_SIGNATURE_REGION_LENGTH__)?__USER_SIGNATURE_REGION_LENGTH__:0x400

.hash
 *(.hash)

.dynsym
 *(.dynsym)

.dynstr
 *(.dynstr)

.gnu.version
 *(.gnu.version)

.gnu.version_d
 *(.gnu.version_d)

.gnu.version_r
 *(.gnu.version_r)

.rel.init
 *(.rel.init)

.rela.init
 *(.rela.init)

.rel.text
 *(.rel.text)
 *(.rel.text.*)
 *(.rel.gnu.linkonce.t*)

.rela.text
 *(.rela.text)
 *(.rela.text.*)
 *(.rela.gnu.linkonce.t*)

.rel.fini
 *(.rel.fini)

.rela.fini
 *(.rela.fini)

.rel.rodata
 *(.rel.rodata)
 *(.rel.rodata.*)
 *(.rel.gnu.linkonce.r*)

.rela.rodata
 *(.rela.rodata)
 *(.rela.rodata.*)
 *(.rela.gnu.linkonce.r*)

.rel.data
 *(.rel.data)
 *(.rel.data.*)
 *(.rel.gnu.linkonce.d*)

.rela.data
 *(.rela.data)
 *(.rela.data.*)
 *(.rela.gnu.linkonce.d*)

.rel.ctors
 *(.rel.ctors)

.rela.ctors
 *(.rela.ctors)

.rel.dtors
 *(.rel.dtors)

.rela.dtors
 *(.rela.dtors)

.rel.got
 *(.rel.got)

.rela.got
 *(.rela.got)

.rel.bss
 *(.rel.bss)

.rela.bss
 *(.rela.bss)

.rel.plt
 *(.rel.plt)

.rela.plt
 *(.rela.plt)

.text           0x0000000000000000       0xc8
 *(.vectors)
 .vectors       0x0000000000000000       0x54 D:/7.0/Packs/atmel/ATmega_DFP/1.7.374/xc8/avr/lib/avr5/memx-const/crtatmega32.o
                0x0000000000000000                __vector_default
                0x0000000000000000                __vectors
 *(.vectors)
 *(.progmem.gcc*)
 *(.dinit)
 .dinit         0x0000000000000054       0x1f data_init
                0x0000000000000074                . = ALIGN (0x2)
 *fill*         0x0000000000000073        0x1 
                0x0000000000000074                __trampolines_start = .
 *(.trampolines)
 .trampolines   0x0000000000000074        0x0 linker stubs
 *(.trampolines*)
                0x0000000000000074                __trampolines_end = .
 *libprintf_flt.a:*(.progmem.data)
 *libc.a:*(.progmem.data)
                0x0000000000000074                . = ALIGN (0x2)
 *(.jumptables)
 *(.jumptables*)
 *(.lowtext)
 *(.lowtext*)
                0x0000000000000074                __ctors_start = .
 *(.ctors)
                0x0000000000000074                __ctors_end = .
                0x0000000000000074                __dtors_start = .
 *(.dtors)
                0x0000000000000074                __dtors_end = .
 SORT(*)(.ctors)
 SORT(*)(.dtors)
 *(.init0)
 .init0         0x0000000000000074        0x0 D:/7.0/Packs/atmel/ATmega_DFP/1.7.374/xc8/avr/lib/avr5/memx-const/crtatmega32.o
                0x0000000000000074                __init
 *(.init0)
 *(.init1)
 *(.init1)
 *(.init2)
 .init2         0x0000000000000074        0xc D:/7.0/Packs/atmel/ATmega_DFP/1.7.374/xc8/avr/lib/avr5/memx-const/crtatmega32.o
 *(.init2)
 *(.init3)
 *(.init3)
 *(.init4)
 .init4         0x0000000000000080       0x3c c:/program files/microchip/xc8/v2.36/avr/bin/../lib/gcc/avr/5.4.0/avr5/memx-const\libgcc.a(_copy_data.o)
                0x0000000000000080                __do_copy_data
                0x00000000000000ae                __do_clear_bss
 *(.init4)
 *(.init5)
 *(.init5)
 *(.init6)
 *(.init6)
 *(.init7)
 *(.init7)
 *(.init8)
 *(.init8)
 *(.init9)
 .init9         0x00000000000000bc        0x8 D:/7.0/Packs/atmel/ATmega_DFP/1.7.374/xc8/avr/lib/avr5/memx-const/crtatmega32.o
 *(.init9)
                0x00000000000000c4                . = ALIGN (0x2)
 *(.fini9)
 .fini9         0x00000000000000c4        0x0 c:/program files/microchip/xc8/v2.36/avr/bin/../lib/gcc/avr/5.4.0/avr5/memx-const\libgcc.a(_exit.o)
                0x00000000000000c4                _exit
 *(.fini9)
 *(.fini8)
 *(.fini8)
 *(.fini7)
 *(.fini7)
 *(.fini6)
 *(.fini6)
 *(.fini5)
 *(.fini5)
 *(.fini4)
 *(.fini4)
 *(.fini3)
 *(.fini3)
 *(.fini2)
 *(.fini2)
 *(.fini1)
 *(.fini1)
 *(.fini0)
 .fini0         0x00000000000000c4        0x4 c:/program files/microchip/xc8/v2.36/avr/bin/../lib/gcc/avr/5.4.0/avr5/memx-const\libgcc.a(_exit.o)
 *(.fini0)
                0x00000000000000c8                _etext = .

.data           0x0000000000800060        0x0 load address 0x00000000000000c8
                [!provide]                        PROVIDE (__data_start, .)
 *(.gnu.linkonce.d*)
 *(.gnu.linkonce.r*)
                0x0000000000800060                . = ALIGN (0x2)
 *fill*         0x0000000000800060        0x0 
                0x0000000000800060                _edata = .
                [!provide]                        PROVIDE (__data_end, .)

.bss            0x0000000000800060        0x0
                [!provide]                        PROVIDE (__bss_start, .)
 *(COMMON)
                [!provide]                        PROVIDE (__bss_end, .)
                0x00000000000000c8                __data_load_start = LOADADDR (.data)
                0x00000000000000c8                __data_load_end = (__data_load_start + SIZEOF (.data))

.noinit         0x0000000000800060        0x0
                [!provide]                        PROVIDE (__noinit_start, .)
 *(.noinit*)
                [!provide]                        PROVIDE (__noinit_end, .)
                0x0000000000800060                _end = .

.eeprom         0x0000000000810000        0x0
 *(.eeprom*)
                0x0000000000810000                __eeprom_end = .

.fuse
 *(.fuse)
 *(.lfuse)
 *(.hfuse)
 *(.efuse)

.lock
 *(.lock*)

.signature
 *(.signature*)

.user_signatures
 *(.user_signatures*)

.stab
 *(.stab)

.stabstr
 *(.stabstr)

.stab.excl
 *(.stab.excl)

.stab.exclstr
 *(.stab.exclstr)

.stab.index
 *(.stab.index)

.stab.indexstr
 *(.stab.indexstr)

.comment        0x0000000000000000       0x2f
 *(.comment)
 .comment       0x0000000000000000       0x2f 01_MCAL/ADC/ADC_programe.o
                                         0x30 (size before relaxing)
 .comment       0x000000000000002f       0x30 01_MCAL/DIO/DIO_programe.o
 .comment       0x000000000000002f       0x30 01_MCAL/PWM/pmw.o
 .comment       0x000000000000002f       0x30 02_HAL/CLCD/CLCD_programe.o
 .comment       0x000000000000002f       0x30 02_HAL/KYPD/KYPD_programe.o
 .comment       0x000000000000002f       0x30 02_HAL/LED/LED_programe.o
 .comment       0x000000000000002f       0x30 02_HAL/LM35/LM35_programe.o
 .comment       0x000000000000002f       0x30 App/App.o
 .comment       0x000000000000002f       0x30 main.o
 .comment       0x000000000000002f       0x30 c:/program files/microchip/xc8/v2.36/avr/bin/../lib/gcc/avr/5.4.0/../../../../avr/lib/avr5/memx-const\libc.a(exit.o)
 .comment       0x000000000000002f       0x30 c:/program files/microchip/xc8/v2.36/avr/bin/../lib/gcc/avr/5.4.0/../../../../avr/lib/avr5/memx-const\libc.a(_Exit.o)

.stack.descriptors.hdr
                0x0000000000000000       0x62
 .stack.descriptors.hdr
                0x0000000000000000        0xe c:/program files/microchip/xc8/v2.36/avr/bin/../lib/gcc/avr/5.4.0/avr5/memx-const\libgcc.a(_umulhisi3.o)
 .stack.descriptors.hdr
                0x000000000000000e        0xe c:/program files/microchip/xc8/v2.36/avr/bin/../lib/gcc/avr/5.4.0/avr5/memx-const\libgcc.a(_udivdi3.o)
 .stack.descriptors.hdr
                0x000000000000001c        0xe c:/program files/microchip/xc8/v2.36/avr/bin/../lib/gcc/avr/5.4.0/avr5/memx-const\libgcc.a(_udivmod64.o)
 .stack.descriptors.hdr
                0x000000000000002a        0xe c:/program files/microchip/xc8/v2.36/avr/bin/../lib/gcc/avr/5.4.0/avr5/memx-const\libgcc.a(_ashldi3.o)
 .stack.descriptors.hdr
                0x0000000000000038        0xe c:/program files/microchip/xc8/v2.36/avr/bin/../lib/gcc/avr/5.4.0/avr5/memx-const\libgcc.a(_adddi3.o)
 .stack.descriptors.hdr
                0x0000000000000046        0xe c:/program files/microchip/xc8/v2.36/avr/bin/../lib/gcc/avr/5.4.0/avr5/memx-const\libgcc.a(_cmpdi2_s8.o)
 .stack.descriptors.hdr
                0x0000000000000054        0xe c:/program files/microchip/xc8/v2.36/avr/bin/../lib/gcc/avr/5.4.0/avr5/memx-const\libgcc.a(_exit.o)

.note.GNU-stack
                0x0000000000000000        0x0
 .note.GNU-stack
                0x0000000000000000        0x0 c:/program files/microchip/xc8/v2.36/avr/bin/../lib/gcc/avr/5.4.0/../../../../avr/lib/avr5/memx-const\libc.a(exit.o)
 .note.GNU-stack
                0x0000000000000000        0x0 c:/program files/microchip/xc8/v2.36/avr/bin/../lib/gcc/avr/5.4.0/../../../../avr/lib/avr5/memx-const\libc.a(_Exit.o)

.note.gnu.build-id
 *(.note.gnu.build-id)

.debug
 *(.debug)

.line
 *(.line)

.debug_srcinfo
 *(.debug_srcinfo)

.debug_sfnames
 *(.debug_sfnames)

.debug_aranges  0x0000000000000000      0x228
 *(.debug_aranges)
 .debug_aranges
                0x0000000000000000       0x68 01_MCAL/ADC/ADC_programe.o
 .debug_aranges
                0x0000000000000068       0x58 01_MCAL/DIO/DIO_programe.o
 .debug_aranges
                0x00000000000000c0       0x28 01_MCAL/PWM/pmw.o
 .debug_aranges
                0x00000000000000e8       0x60 02_HAL/CLCD/CLCD_programe.o
 .debug_aranges
                0x0000000000000148       0x28 02_HAL/KYPD/KYPD_programe.o
 .debug_aranges
                0x0000000000000170       0x38 02_HAL/LED/LED_programe.o
 .debug_aranges
                0x00000000000001a8       0x20 02_HAL/LM35/LM35_programe.o
 .debug_aranges
                0x00000000000001c8       0x40 App/App.o
 .debug_aranges
                0x0000000000000208       0x20 main.o

.debug_pubnames
 *(.debug_pubnames)

.debug_info     0x0000000000000000     0x3987
 *(.debug_info .gnu.linkonce.wi.*)
 .debug_info    0x0000000000000000      0x4e6 D:/7.0/Packs/atmel/ATmega_DFP/1.7.374/xc8/avr/lib/avr5/memx-const/crtatmega32.o
 .debug_info    0x00000000000004e6      0x630 01_MCAL/ADC/ADC_programe.o
 .debug_info    0x0000000000000b16      0x4dc 01_MCAL/DIO/DIO_programe.o
 .debug_info    0x0000000000000ff2      0x2f6 01_MCAL/PWM/pmw.o
 .debug_info    0x00000000000012e8      0xb93 02_HAL/CLCD/CLCD_programe.o
 .debug_info    0x0000000000001e7b      0x631 02_HAL/KYPD/KYPD_programe.o
 .debug_info    0x00000000000024ac      0x40f 02_HAL/LED/LED_programe.o
 .debug_info    0x00000000000028bb      0x3e5 02_HAL/LM35/LM35_programe.o
 .debug_info    0x0000000000002ca0      0x9e9 App/App.o
 .debug_info    0x0000000000003689      0x2fe main.o

.debug_abbrev   0x0000000000000000      0xdb2
 *(.debug_abbrev)
 .debug_abbrev  0x0000000000000000      0x4a3 D:/7.0/Packs/atmel/ATmega_DFP/1.7.374/xc8/avr/lib/avr5/memx-const/crtatmega32.o
 .debug_abbrev  0x00000000000004a3      0x127 01_MCAL/ADC/ADC_programe.o
 .debug_abbrev  0x00000000000005ca       0x87 01_MCAL/DIO/DIO_programe.o
 .debug_abbrev  0x0000000000000651       0x98 01_MCAL/PWM/pmw.o
 .debug_abbrev  0x00000000000006e9      0x206 02_HAL/CLCD/CLCD_programe.o
 .debug_abbrev  0x00000000000008ef      0x14a 02_HAL/KYPD/KYPD_programe.o
 .debug_abbrev  0x0000000000000a39       0xb4 02_HAL/LED/LED_programe.o
 .debug_abbrev  0x0000000000000aed       0xc3 02_HAL/LM35/LM35_programe.o
 .debug_abbrev  0x0000000000000bb0      0x1a5 App/App.o
 .debug_abbrev  0x0000000000000d55       0x5d main.o

.debug_line     0x0000000000000000     0x13e5
 *(.debug_line .debug_line.* .debug_line_end)
 .debug_line    0x0000000000000000      0x119 D:/7.0/Packs/atmel/ATmega_DFP/1.7.374/xc8/avr/lib/avr5/memx-const/crtatmega32.o
 .debug_line    0x0000000000000119      0x2e6 01_MCAL/ADC/ADC_programe.o
 .debug_line    0x00000000000003ff      0x253 01_MCAL/DIO/DIO_programe.o
 .debug_line    0x0000000000000652       0xee 01_MCAL/PWM/pmw.o
 .debug_line    0x0000000000000740      0x3fa 02_HAL/CLCD/CLCD_programe.o
 .debug_line    0x0000000000000b3a      0x220 02_HAL/KYPD/KYPD_programe.o
 .debug_line    0x0000000000000d5a      0x11a 02_HAL/LED/LED_programe.o
 .debug_line    0x0000000000000e74       0xfb 02_HAL/LM35/LM35_programe.o
 .debug_line    0x0000000000000f6f      0x403 App/App.o
 .debug_line    0x0000000000001372       0x73 main.o

.debug_frame    0x0000000000000000      0x4b8
 *(.debug_frame)
 .debug_frame   0x0000000000000000       0xfc 01_MCAL/ADC/ADC_programe.o
 .debug_frame   0x00000000000000fc       0x94 01_MCAL/DIO/DIO_programe.o
 .debug_frame   0x0000000000000190       0x34 01_MCAL/PWM/pmw.o
 .debug_frame   0x00000000000001c4      0x138 02_HAL/CLCD/CLCD_programe.o
 .debug_frame   0x00000000000002fc       0x6c 02_HAL/KYPD/KYPD_programe.o
 .debug_frame   0x0000000000000368       0x54 02_HAL/LED/LED_programe.o
 .debug_frame   0x00000000000003bc       0x54 02_HAL/LM35/LM35_programe.o
 .debug_frame   0x0000000000000410       0x84 App/App.o
 .debug_frame   0x0000000000000494       0x24 main.o

.debug_str      0x0000000000000000      0x4bc
 *(.debug_str)
 .debug_str     0x0000000000000000      0x196 D:/7.0/Packs/atmel/ATmega_DFP/1.7.374/xc8/avr/lib/avr5/memx-const/crtatmega32.o
 .debug_str     0x0000000000000196       0x1f 01_MCAL/ADC/ADC_programe.o
 .debug_str     0x00000000000001b5       0x42 01_MCAL/DIO/DIO_programe.o
 .debug_str     0x00000000000001f7       0x18 01_MCAL/PWM/pmw.o
 .debug_str     0x000000000000020f       0x7f 02_HAL/CLCD/CLCD_programe.o
 .debug_str     0x000000000000028e       0x53 02_HAL/KYPD/KYPD_programe.o
 .debug_str     0x00000000000002e1       0x55 02_HAL/LED/LED_programe.o
 .debug_str     0x0000000000000336       0x14 02_HAL/LM35/LM35_programe.o
 .debug_str     0x000000000000034a      0x12c App/App.o
 .debug_str     0x0000000000000476       0x46 main.o

.debug_loc      0x0000000000000000     0x145d
 *(.debug_loc)
 .debug_loc     0x0000000000000000      0x18e 01_MCAL/ADC/ADC_programe.o
 .debug_loc     0x000000000000018e      0x350 01_MCAL/DIO/DIO_programe.o
 .debug_loc     0x00000000000004de      0xa29 02_HAL/CLCD/CLCD_programe.o
 .debug_loc     0x0000000000000f07      0x16d 02_HAL/KYPD/KYPD_programe.o
 .debug_loc     0x0000000000001074       0xde 02_HAL/LED/LED_programe.o
 .debug_loc     0x0000000000001152      0x158 02_HAL/LM35/LM35_programe.o
 .debug_loc     0x00000000000012aa      0x1b3 App/App.o

.debug_macinfo
 *(.debug_macinfo)

.debug_weaknames
 *(.debug_weaknames)

.debug_funcnames
 *(.debug_funcnames)

.debug_typenames
 *(.debug_typenames)

.debug_varnames
 *(.debug_varnames)

.debug_pubtypes
 *(.debug_pubtypes)

.debug_ranges   0x0000000000000000      0x1c8
 *(.debug_ranges)
 .debug_ranges  0x0000000000000000       0x58 01_MCAL/ADC/ADC_programe.o
 .debug_ranges  0x0000000000000058       0x48 01_MCAL/DIO/DIO_programe.o
 .debug_ranges  0x00000000000000a0       0x18 01_MCAL/PWM/pmw.o
 .debug_ranges  0x00000000000000b8       0x50 02_HAL/CLCD/CLCD_programe.o
 .debug_ranges  0x0000000000000108       0x18 02_HAL/KYPD/KYPD_programe.o
 .debug_ranges  0x0000000000000120       0x28 02_HAL/LED/LED_programe.o
 .debug_ranges  0x0000000000000148       0x10 02_HAL/LM35/LM35_programe.o
 .debug_ranges  0x0000000000000158       0x60 App/App.o
 .debug_ranges  0x00000000000001b8       0x10 main.o

.debug_macro
 *(.debug_macro)
OUTPUT(Final_Project(smarthome).elf elf32-avr)
LOAD linker stubs
LOAD data_init

.note.gnu.avr.deviceinfo
                0x0000000000000000       0x3c
 .note.gnu.avr.deviceinfo
                0x0000000000000000       0x3c D:/7.0/Packs/atmel/ATmega_DFP/1.7.374/xc8/avr/lib/avr5/memx-const/crtatmega32.o

.bss.ADC_u8State
                0x0000000000800094        0x1
 .bss.ADC_u8State
                0x0000000000800094        0x1 01_MCAL/ADC/ADC_programe.o

.bss.ADC_u8Index
                0x0000000000800095        0x1
 .bss.ADC_u8Index
                0x0000000000800095        0x1 01_MCAL/ADC/ADC_programe.o

.bss.ADC_u8ChainSize
                0x0000000000800096        0x1
 .bss.ADC_u8ChainSize
                0x0000000000800096        0x1 01_MCAL/ADC/ADC_programe.o

.bss.ADC_pu8ChainChannel
                0x000000000080008c        0x2
 .bss.ADC_pu8ChainChannel
                0x000000000080008c        0x2 01_MCAL/ADC/ADC_programe.o

.bss.ADC_u8ISRState
                0x0000000000800097        0x1
 .bss.ADC_u8ISRState
                0x0000000000800097        0x1 01_MCAL/ADC/ADC_programe.o

.bss.ADC_pvNotificationFunc
                0x000000000080008e        0x2
 .bss.ADC_pvNotificationFunc
                0x000000000080008e        0x2 01_MCAL/ADC/ADC_programe.o

.bss.ADC_pu16AsynchConversionResult
                0x0000000000800090        0x2
 .bss.ADC_pu16AsynchConversionResult
                0x0000000000800090        0x2 01_MCAL/ADC/ADC_programe.o

.bss.Temp       0x0000000000800092        0x2
 .bss.Temp      0x0000000000800092        0x2 App/App.o
                0x0000000000800092                Temp

.bss.pass_copy  0x0000000000800070        0xb
 .bss.pass_copy
                0x0000000000800070        0xb App/App.o
                0x0000000000800070                pass_copy

.progmemx.data  0x00000000000000c8       0x7a
 .progmemx.data
                0x00000000000000c8       0x7a App/App.o

.text.CLCD_voidSendNumber
                0x0000000000000142      0x21e
 .text.CLCD_voidSendNumber
                0x0000000000000142      0x21e 02_HAL/CLCD/CLCD_programe.o
                0x0000000000000142                CLCD_voidSendNumber

.text.KYPD_u8GetPressedKey
                0x0000000000000360      0x128
 .text.KYPD_u8GetPressedKey
                0x0000000000000360      0x128 02_HAL/KYPD/KYPD_programe.o
                0x0000000000000360                KYPD_u8GetPressedKey

.text.DIO_voidSetPinDirection
                0x0000000000000488       0xe0
 .text.DIO_voidSetPinDirection
                0x0000000000000488       0xe0 01_MCAL/DIO/DIO_programe.o
                0x0000000000000488                DIO_voidSetPinDirection

.text.DIO_voidSetPinValue
                0x0000000000000568       0xe0
 .text.DIO_voidSetPinValue
                0x0000000000000568       0xe0 01_MCAL/DIO/DIO_programe.o
                0x0000000000000568                DIO_voidSetPinValue

.text.__vector_16
                0x0000000000000648       0xde
 .text.__vector_16
                0x0000000000000648       0xde 01_MCAL/ADC/ADC_programe.o
                0x0000000000000648                __vector_16

.text.LM35_u8GetTemp
                0x0000000000000726       0xb4
 .text.LM35_u8GetTemp
                0x0000000000000726       0xb4 02_HAL/LM35/LM35_programe.o
                0x0000000000000726                LM35_u8GetTemp

.text.libgcc.div
                0x00000000000007da       0xa2
 .text.libgcc.div
                0x00000000000007da       0xa2 c:/program files/microchip/xc8/v2.36/avr/bin/../lib/gcc/avr/5.4.0/avr5/memx-const\libgcc.a(_udivmod64.o)
                0x00000000000007da                __udivmod64

.text.LED_OFF_ON
                0x000000000000087c       0xa0
 .text.LED_OFF_ON
                0x000000000000087c       0xa0 App/App.o
                0x000000000000087c                LED_OFF_ON

.text.CLCD_voidInit
                0x000000000000091c       0x86
 .text.CLCD_voidInit
                0x000000000000091c       0x86 02_HAL/CLCD/CLCD_programe.o
                0x000000000000091c                CLCD_voidInit

.text.Check_Password
                0x00000000000009a2       0x86
 .text.Check_Password
                0x00000000000009a2       0x86 App/App.o
                0x00000000000009a2                Check_Password

.text.ADC_u8GetResultSync
                0x0000000000000a28       0x6c
 .text.ADC_u8GetResultSync
                0x0000000000000a28       0x6c 01_MCAL/ADC/ADC_programe.o
                0x0000000000000a28                ADC_u8GetResultSync

.text.System_Locked
                0x0000000000000a94       0x6c
 .text.System_Locked
                0x0000000000000a94       0x6c App/App.o
                0x0000000000000a94                System_Locked

.text.Conrol_Motor
                0x0000000000000b00       0x6c
 .text.Conrol_Motor
                0x0000000000000b00       0x6c App/App.o
                0x0000000000000b00                Conrol_Motor

.text.DIO_u8GetPinValue
                0x0000000000000b6c       0x68
 .text.DIO_u8GetPinValue
                0x0000000000000b6c       0x68 01_MCAL/DIO/DIO_programe.o
                0x0000000000000b6c                DIO_u8GetPinValue

.text.KYPD_voidInt
                0x0000000000000bd4       0x62
 .text.KYPD_voidInt
                0x0000000000000bd4       0x62 02_HAL/KYPD/KYPD_programe.o
                0x0000000000000bd4                KYPD_voidInt

.text.CLCD_voidSendData
                0x0000000000000c36       0x5a
 .text.CLCD_voidSendData
                0x0000000000000c36       0x5a 02_HAL/CLCD/CLCD_programe.o
                0x0000000000000c36                CLCD_voidSendData

.text.CLCD_voidSendCommand
                0x0000000000000c90       0x5a
 .text.CLCD_voidSendCommand
                0x0000000000000c90       0x5a 02_HAL/CLCD/CLCD_programe.o
                0x0000000000000c90                CLCD_voidSendCommand

.text.CLCD_voidSetPosition
                0x0000000000000cea       0x44
 .text.CLCD_voidSetPosition
                0x0000000000000cea       0x44 02_HAL/CLCD/CLCD_programe.o
                0x0000000000000cea                CLCD_voidSetPosition

.text.PMW_voidInit
                0x0000000000000d2e       0x40
 .text.PMW_voidInit
                0x0000000000000d2e       0x40 01_MCAL/PWM/pmw.o
                0x0000000000000d2e                PMW_voidInit

.text.Init_peripherals
                0x0000000000000d6e       0x3e
 .text.Init_peripherals
                0x0000000000000d6e       0x3e App/App.o
                0x0000000000000d6e                Init_peripherals

.text.CLCD_voidSendString
                0x0000000000000dac       0x36
 .text.CLCD_voidSendString
                0x0000000000000dac       0x36 02_HAL/CLCD/CLCD_programe.o
                0x0000000000000dac                CLCD_voidSendString

.text.libgcc.builtins
                0x0000000000000de2       0x32
 .text.libgcc.builtins
                0x0000000000000de2       0x32 c:/program files/microchip/xc8/v2.36/avr/bin/../lib/gcc/avr/5.4.0/avr5/memx-const\libgcc.a(_ashldi3.o)
                0x0000000000000de2                __ashldi3

.text.CLCD_voidSendFallingEdge
                0x0000000000000e14       0x2e
 .text.CLCD_voidSendFallingEdge
                0x0000000000000e14       0x2e 02_HAL/CLCD/CLCD_programe.o
                0x0000000000000e14                CLCD_voidSendFallingEdge

.text.ADC_voidInit
                0x0000000000000e42       0x2c
 .text.ADC_voidInit
                0x0000000000000e42       0x2c 01_MCAL/ADC/ADC_programe.o
                0x0000000000000e42                ADC_voidInit

.text.DIO_voidSetPortDirection
                0x0000000000000e6e       0x20
 .text.DIO_voidSetPortDirection
                0x0000000000000e6e       0x20 01_MCAL/DIO/DIO_programe.o
                0x0000000000000e6e                DIO_voidSetPortDirection

.text.DIO_voidSetPortValue
                0x0000000000000e8e       0x20
 .text.DIO_voidSetPortValue
                0x0000000000000e8e       0x20 01_MCAL/DIO/DIO_programe.o
                0x0000000000000e8e                DIO_voidSetPortValue

.text.LED_voidOn
                0x0000000000000eae       0x1e
 .text.LED_voidOn
                0x0000000000000eae       0x1e 02_HAL/LED/LED_programe.o
                0x0000000000000eae                LED_voidOn

.text.LED_voidOff
                0x0000000000000ecc       0x1e
 .text.LED_voidOff
                0x0000000000000ecc       0x1e 02_HAL/LED/LED_programe.o
                0x0000000000000ecc                LED_voidOff

.text.libgcc.mul
                0x0000000000000eea       0x1e
 .text.libgcc.mul
                0x0000000000000eea       0x1e c:/program files/microchip/xc8/v2.36/avr/bin/../lib/gcc/avr/5.4.0/avr5/memx-const\libgcc.a(_umulhisi3.o)
                0x0000000000000eea                __umulhisi3

.text.main      0x0000000000000f08       0x1c
 .text.main     0x0000000000000f08       0x1c main.o
                0x0000000000000f08                main

.text.libgcc.div
                0x0000000000000f24       0x1c
 .text.libgcc.div
                0x0000000000000f24       0x1c c:/program files/microchip/xc8/v2.36/avr/bin/../lib/gcc/avr/5.4.0/avr5/memx-const\libgcc.a(_udivdi3.o)
                0x0000000000000f24                __umoddi3
                0x0000000000000f28                __udivdi3
                0x0000000000000f2a                __udivdi3_umoddi3

.text.libgcc    0x0000000000000f40       0x18
 .text.libgcc   0x0000000000000f40       0x18 c:/program files/microchip/xc8/v2.36/avr/bin/../lib/gcc/avr/5.4.0/avr5/memx-const\libgcc.a(_cmpdi2_s8.o)
                0x0000000000000f40                __cmpdi2_s8

.text.exit      0x0000000000000f58       0x16
 .text.exit     0x0000000000000f58       0x16 c:/program files/microchip/xc8/v2.36/avr/bin/../lib/gcc/avr/5.4.0/../../../../avr/lib/avr5/memx-const\libc.a(exit.o)
                0x0000000000000f58                exit

.text.CLCD_voidClearScreen
                0x0000000000000f6e       0x14
 .text.CLCD_voidClearScreen
                0x0000000000000f6e       0x14 02_HAL/CLCD/CLCD_programe.o
                0x0000000000000f6e                CLCD_voidClearScreen

.text.libgcc    0x0000000000000f82       0x12
 .text.libgcc   0x0000000000000f82       0x12 c:/program files/microchip/xc8/v2.36/avr/bin/../lib/gcc/avr/5.4.0/avr5/memx-const\libgcc.a(_adddi3.o)
                0x0000000000000f82                __adddi3

.text.LED_voidInit
                0x0000000000000f94        0xc
 .text.LED_voidInit
                0x0000000000000f94        0xc 02_HAL/LED/LED_programe.o
                0x0000000000000f94                LED_voidInit

.text.ADC_voidEnable
                0x0000000000000fa0        0x8
 .text.ADC_voidEnable
                0x0000000000000fa0        0x8 01_MCAL/ADC/ADC_programe.o
                0x0000000000000fa0                ADC_voidEnable

.text           0x0000000000000fa8        0x4
 .text          0x0000000000000fa8        0x4 D:/7.0/Packs/atmel/ATmega_DFP/1.7.374/xc8/avr/lib/avr5/memx-const/crtatmega32.o
                0x0000000000000fa8                __vector_1
                0x0000000000000fa8                __vector_12
                0x0000000000000fa8                __bad_interrupt
                0x0000000000000fa8                __vector_6
                0x0000000000000fa8                __vector_3
                0x0000000000000fa8                __vector_11
                0x0000000000000fa8                __vector_13
                0x0000000000000fa8                __vector_17
                0x0000000000000fa8                __vector_19
                0x0000000000000fa8                __vector_7
                0x0000000000000fa8                __vector_5
                0x0000000000000fa8                __vector_4
                0x0000000000000fa8                __vector_9
                0x0000000000000fa8                __vector_2
                0x0000000000000fa8                __vector_15
                0x0000000000000fa8                __vector_8
                0x0000000000000fa8                __vector_14
                0x0000000000000fa8                __vector_10
                0x0000000000000fa8                __vector_18
                0x0000000000000fa8                __vector_20

.text.PMW_voidSetDuty
                0x0000000000000fac        0x4
 .text.PMW_voidSetDuty
                0x0000000000000fac        0x4 01_MCAL/PWM/pmw.o
                0x0000000000000fac                PMW_voidSetDuty

.text._Exit     0x0000000000000fb0        0x4
 .text._Exit    0x0000000000000fb0        0x4 c:/program files/microchip/xc8/v2.36/avr/bin/../lib/gcc/avr/5.4.0/../../../../avr/lib/avr5/memx-const\libc.a(_Exit.o)
                0x0000000000000fb0                _Exit

.text.__dummy_fini
                0x0000000000000fb4        0x2
 .text.__dummy_fini
                0x0000000000000fb4        0x2 c:/program files/microchip/xc8/v2.36/avr/bin/../lib/gcc/avr/5.4.0/../../../../avr/lib/avr5/memx-const\libc.a(exit.o)
                0x0000000000000fb4                _fini

.text.__dummy_funcs_on_exit
                0x0000000000000fb6        0x2
 .text.__dummy_funcs_on_exit
                0x0000000000000fb6        0x2 c:/program files/microchip/xc8/v2.36/avr/bin/../lib/gcc/avr/5.4.0/../../../../avr/lib/avr5/memx-const\libc.a(exit.o)
                0x0000000000000fb6                __funcs_on_exit

.text.__dummy_simulator_exit
                0x0000000000000fb8        0x2
 .text.__dummy_simulator_exit
                0x0000000000000fb8        0x2 c:/program files/microchip/xc8/v2.36/avr/bin/../lib/gcc/avr/5.4.0/../../../../avr/lib/avr5/memx-const\libc.a(exit.o)
                0x0000000000000fb8                __simulator_exit

.rodata         0x0000000000800060       0x10 load address 0x0000000000000fba
 .rodata        0x0000000000800060       0x10 02_HAL/KYPD/KYPD_programe.o

.data.pass      0x000000000080007b        0xb load address 0x0000000000000fca
 .data.pass     0x000000000080007b        0xb App/App.o
                0x000000000080007b                pass

.data.lm35      0x0000000000800086        0x3 load address 0x0000000000000fd5
 .data.lm35     0x0000000000800086        0x3 App/App.o
                0x0000000000800086                lm35

.data.LED1      0x0000000000800089        0x3 load address 0x0000000000000fd8
 .data.LED1     0x0000000000800089        0x3 App/App.o
                0x0000000000800089                LED1

.data.try       0x0000000000800098        0x1 load address 0x0000000000000fdb
 .data.try      0x0000000000800098        0x1 App/App.o
                0x0000000000800098                try
